// 同步 ID: 3ed44f87 @ Sat Jul 25 00:06:09 UTC 2026
// 同步 ID: 8fa923bf @ Sat Jul 25 06:25:30 UTC 2026
// 同步 ID: 9ac4ee3c @ Sat Jul 25 10:03:59 UTC 2026
// 重构日志: dcf1fb47
// 重构日志: e3dab114
// 重构日志: 798002ca
// 重构日志: 09ff9cf4
// 同步 ID: 207f7b8c @ Mon Jul 27 17:30:24 UTC 2026
// 重构日志: 21c95dbf
// 重构日志: a122580a
// 重构日志: 44d6f007
// 重构日志: e2c650be
// 同步 ID: e3d646c5 @ Wed Jul 29 21:51:42 UTC 2026
// 重构日志: 9a01b350
// 同步 ID: 0c91a931 @ Thu Jul 30 16:50:26 UTC 2026
// 重构日志: 17bfbc16
// 重构日志: 5f4f8f23
// 重构日志: 48af48cb
// 同步 ID: 3b4d0a90 @ Sun Aug  2 04:25:04 UTC 2026
// 重构日志: ffbff1b3
// 重构日志: 6f42df23
// 重构日志: a7b47325
// 重构日志: 04eefc2c
// 重构日志: 2eeaab20
// 重构日志: 365ce5dc
// 重构日志: df27debb
// 重构日志: 64bd717f
// 同步 ID: f881bf77 @ Fri Aug  7 04:49:07 UTC 2026
// 同步 ID: a343f00d @ Fri Aug  7 09:47:38 UTC 2026
// 同步 ID: 757a0c1c @ Fri Aug  7 11:03:07 UTC 2026
